## explain exit=0
-- stdout --
Lore install explain
release_profile schema=lore.release-profile/v1 id=prerelease-opencode-e version=1 release=v0.3.0-rc.1 channel=prerelease
artifact_sha256:
aaaaaaaaaaaaaaaaaaaaaaaaaaaaaaaaaaaaaaaaaaaaaaaaaaaaaaaaaaaaaaaa
provenance=valid gates=pi:off,opencode:E,codex:off,antigravity:off
mode=explain route=canonical-sealed target=pi outcome=ready admitted=true changed_state=false interrupted=false residual_risk=false
report ir_id=ir-safe manifest_hash=manifest-safe admitted=true finalizations=1 mutations=0
operation action=replace resource=AGENTS.md
operation action=create resource=skills/a.md
guidance[canonical-gate]: stable guidance
-- stderr --
## dry-run exit=0
-- stdout --
Lore install dry-run
release_profile schema=lore.release-profile/v1 id=prerelease-opencode-e version=1 release=v0.3.0-rc.1 channel=prerelease
artifact_sha256:
aaaaaaaaaaaaaaaaaaaaaaaaaaaaaaaaaaaaaaaaaaaaaaaaaaaaaaaaaaaaaaaa
provenance=valid gates=pi:off,opencode:E,codex:off,antigravity:off
mode=dry-run route=canonical-sealed target=pi outcome=succeeded admitted=true changed_state=false interrupted=false residual_risk=false
report ir_id=ir-safe manifest_hash=manifest-safe admitted=true finalizations=1 mutations=0
operation action=replace resource=AGENTS.md
operation action=create resource=skills/a.md
guidance[canonical-gate]: stable guidance
-- stderr --
## apply exit=0
-- stdout --
Lore install apply
release_profile schema=lore.release-profile/v1 id=prerelease-opencode-e version=1 release=v0.3.0-rc.1 channel=prerelease
artifact_sha256:
aaaaaaaaaaaaaaaaaaaaaaaaaaaaaaaaaaaaaaaaaaaaaaaaaaaaaaaaaaaaaaaa
provenance=valid gates=pi:off,opencode:E,codex:off,antigravity:off
mode=apply route=canonical-sealed target=pi outcome=succeeded admitted=true changed_state=true interrupted=false residual_risk=false
report ir_id=ir-safe manifest_hash=manifest-safe admitted=true finalizations=1 mutations=2
operation action=replace resource=AGENTS.md
operation action=create resource=skills/a.md
guidance[canonical-gate]: stable guidance
-- stderr --
## legacy-dry-run exit=0
-- stdout --
Lore install legacy-dry-run
release_profile schema=lore.release-profile/v1 id=prerelease-opencode-e version=1 release=v0.3.0-rc.1 channel=prerelease
artifact_sha256:
aaaaaaaaaaaaaaaaaaaaaaaaaaaaaaaaaaaaaaaaaaaaaaaaaaaaaaaaaaaaaaaa
provenance=valid gates=pi:off,opencode:E,codex:off,antigravity:off
mode=legacy-dry-run route=explicit-legacy target=pi outcome=succeeded admitted=true changed_state=false interrupted=false residual_risk=false
report ir_id=ir-safe manifest_hash=manifest-safe admitted=true finalizations=1 mutations=0
operation action=replace resource=AGENTS.md
operation action=create resource=skills/a.md
guidance[canonical-gate]: stable guidance
-- stderr --
warning[legacy-deprecated]: legacy install is deprecated; use canonical routing
## legacy-apply exit=0
-- stdout --
Lore install legacy-apply
release_profile schema=lore.release-profile/v1 id=prerelease-opencode-e version=1 release=v0.3.0-rc.1 channel=prerelease
artifact_sha256:
aaaaaaaaaaaaaaaaaaaaaaaaaaaaaaaaaaaaaaaaaaaaaaaaaaaaaaaaaaaaaaaa
provenance=valid gates=pi:off,opencode:E,codex:off,antigravity:off
mode=legacy-apply route=explicit-legacy target=pi outcome=succeeded admitted=true changed_state=true interrupted=false residual_risk=false
report ir_id=ir-safe manifest_hash=manifest-safe admitted=true finalizations=1 mutations=2
operation action=replace resource=AGENTS.md
operation action=create resource=skills/a.md
guidance[canonical-gate]: stable guidance
-- stderr --
warning[legacy-deprecated]: legacy install is deprecated; use canonical routing
